{"Reading":{"Temperature":18.351429210423134,"Altitude":-9858.37997939758,"Latitude":-39.22542090631356,"Longitude":103.89776940696419,"BatteryLevel":36.18054804803169}}
