[Thermomatic INFO] Initialized Thermomatic Server at localhost:1337
[Thermomatic INFO] accepting TCP connections...
[IMEI 490154203237518] Connection Established
[IMEI 490154203237518] Login Window Expired
[Thermomatic ERROR] failed to ProcessLogin	err = client login window expired
